// Jest Snapshot v1, https://goo.gl/fbAQLP

exports[`simple 1`] = `
<DocumentFragment>
  <div>
    <button>
      Change
    </button>
    <p>
      0
    </p>
  </div>
</DocumentFragment>
`;

exports[`simple 2`] = `
<DocumentFragment>
  <div>
    <button>
      Change
    </button>
    <p>
      1
    </p>
  </div>
</DocumentFragment>
`;
